Archive member included because of file (symbol)

c:/winavr-20100110/bin/../lib/gcc/avr/4.3.3/avr5\libgcc.a(_udivmodsi4.o)
                              uart.o (__udivmodsi4)
c:/winavr-20100110/bin/../lib/gcc/avr/4.3.3/avr5\libgcc.a(_exit.o)
                              c:/winavr-20100110/bin/../lib/gcc/avr/4.3.3/../../../../avr/lib/avr5/crtm328p.o (exit)
c:/winavr-20100110/bin/../lib/gcc/avr/4.3.3/avr5\libgcc.a(_copy_data.o)
                              uart.o (__do_copy_data)
c:/winavr-20100110/bin/../lib/gcc/avr/4.3.3/avr5\libgcc.a(_clear_bss.o)
                              onewire.o (__do_clear_bss)

Allocating common symbols
Common symbol       size              file

OneWire             0xab              onewire.o

Memory Configuration

Name             Origin             Length             Attributes
text             0x00000000         0x00020000         xr
data             0x00800060         0x0000ffa0         rw !x
eeprom           0x00810000         0x00010000         rw !x
fuse             0x00820000         0x00000400         rw !x
lock             0x00830000         0x00000400         rw !x
signature        0x00840000         0x00000400         rw !x
*default*        0x00000000         0xffffffff

Linker script and memory map

Address of section .data set to 0x800100
LOAD c:/winavr-20100110/bin/../lib/gcc/avr/4.3.3/../../../../avr/lib/avr5/crtm328p.o
LOAD main.o
LOAD onewire.o
LOAD uart.o
LOAD c:/winavr-20100110/bin/../lib/gcc/avr/4.3.3/../../../../avr/lib/avr5\libm.a
LOAD c:/winavr-20100110/bin/../lib/gcc/avr/4.3.3/avr5\libgcc.a
LOAD c:/winavr-20100110/bin/../lib/gcc/avr/4.3.3/../../../../avr/lib/avr5\libc.a
LOAD c:/winavr-20100110/bin/../lib/gcc/avr/4.3.3/avr5\libgcc.a

.hash
 *(.hash)

.dynsym
 *(.dynsym)

.dynstr
 *(.dynstr)

.gnu.version
 *(.gnu.version)

.gnu.version_d
 *(.gnu.version_d)

.gnu.version_r
 *(.gnu.version_r)

.rel.init
 *(.rel.init)

.rela.init
 *(.rela.init)

.rel.text
 *(.rel.text)
 *(.rel.text.*)
 *(.rel.gnu.linkonce.t*)

.rela.text
 *(.rela.text)
 *(.rela.text.*)
 *(.rela.gnu.linkonce.t*)

.rel.fini
 *(.rel.fini)

.rela.fini
 *(.rela.fini)

.rel.rodata
 *(.rel.rodata)
 *(.rel.rodata.*)
 *(.rel.gnu.linkonce.r*)

.rela.rodata
 *(.rela.rodata)
 *(.rela.rodata.*)
 *(.rela.gnu.linkonce.r*)

.rel.data
 *(.rel.data)
 *(.rel.data.*)
 *(.rel.gnu.linkonce.d*)

.rela.data
 *(.rela.data)
 *(.rela.data.*)
 *(.rela.gnu.linkonce.d*)

.rel.ctors
 *(.rel.ctors)

.rela.ctors
 *(.rela.ctors)

.rel.dtors
 *(.rel.dtors)

.rela.dtors
 *(.rela.dtors)

.rel.got
 *(.rel.got)

.rela.got
 *(.rela.got)

.rel.bss
 *(.rel.bss)

.rela.bss
 *(.rela.bss)

.rel.plt
 *(.rel.plt)

.rela.plt
 *(.rela.plt)

.text           0x00000000      0xdce
 *(.vectors)
 .vectors       0x00000000       0x68 c:/winavr-20100110/bin/../lib/gcc/avr/4.3.3/../../../../avr/lib/avr5/crtm328p.o
                0x00000000                __vectors
                0x00000000                __vector_default
 *(.vectors)
 *(.progmem.gcc*)
 *(.progmem*)
                0x00000068                . = ALIGN (0x2)
                0x00000068                __trampolines_start = .
 *(.trampolines)
 .trampolines   0x00000068        0x0 linker stubs
 *(.trampolines*)
                0x00000068                __trampolines_end = .
 *(.jumptables)
 *(.jumptables*)
 *(.lowtext)
 *(.lowtext*)
                0x00000068                __ctors_start = .
 *(.ctors)
                0x00000068                __ctors_end = .
                0x00000068                __dtors_start = .
 *(.dtors)
                0x00000068                __dtors_end = .
 SORT(*)(.ctors)
 SORT(*)(.dtors)
 *(.init0)
 .init0         0x00000068        0x0 c:/winavr-20100110/bin/../lib/gcc/avr/4.3.3/../../../../avr/lib/avr5/crtm328p.o
                0x00000068                __init
 *(.init0)
 *(.init1)
 *(.init1)
 *(.init2)
 .init2         0x00000068        0xc c:/winavr-20100110/bin/../lib/gcc/avr/4.3.3/../../../../avr/lib/avr5/crtm328p.o
 *(.init2)
 *(.init3)
 *(.init3)
 *(.init4)
 .init4         0x00000074       0x16 c:/winavr-20100110/bin/../lib/gcc/avr/4.3.3/avr5\libgcc.a(_copy_data.o)
                0x00000074                __do_copy_data
 .init4         0x0000008a       0x10 c:/winavr-20100110/bin/../lib/gcc/avr/4.3.3/avr5\libgcc.a(_clear_bss.o)
                0x0000008a                __do_clear_bss
 *(.init4)
 *(.init5)
 *(.init5)
 *(.init6)
 *(.init6)
 *(.init7)
 *(.init7)
 *(.init8)
 *(.init8)
 *(.init9)
 .init9         0x0000009a        0x8 c:/winavr-20100110/bin/../lib/gcc/avr/4.3.3/../../../../avr/lib/avr5/crtm328p.o
 *(.init9)
 *(.text)
 .text          0x000000a2        0x4 c:/winavr-20100110/bin/../lib/gcc/avr/4.3.3/../../../../avr/lib/avr5/crtm328p.o
                0x000000a2                __vector_22
                0x000000a2                __vector_1
                0x000000a2                __vector_24
                0x000000a2                __vector_12
                0x000000a2                __bad_interrupt
                0x000000a2                __vector_6
                0x000000a2                __vector_3
                0x000000a2                __vector_23
                0x000000a2                __vector_25
                0x000000a2                __vector_11
                0x000000a2                __vector_13
                0x000000a2                __vector_17
                0x000000a2                __vector_19
                0x000000a2                __vector_7
                0x000000a2                __vector_5
                0x000000a2                __vector_9
                0x000000a2                __vector_2
                0x000000a2                __vector_21
                0x000000a2                __vector_15
                0x000000a2                __vector_8
                0x000000a2                __vector_14
                0x000000a2                __vector_10
                0x000000a2                __vector_16
                0x000000a2                __vector_20
 .text          0x000000a6       0x58 main.o
                0x000000a6                main
 .text          0x000000fe      0x7ba onewire.o
                0x0000081c                OneWire_Set_Data_Reg
                0x00000250                OneWire_Delay_Half_Bit_Time
                0x00000384                OneWire_Handle_Start_Event
                0x00000160                OneWire_Flush_Frame
                0x00000190                OneWire_TRX_Set_DDR
                0x000001ba                OneWire_TRX_Set_Logic
                0x000003c8                OneWire_Handle_Write_Event
                0x00000856                OneWire_Get_Data_Ready
                0x00000240                OneWire_Delay_Clock_Low_Time
                0x000001f8                OneWire_TRX_Interrupt_Disable
                0x00000850                OneWire_Get_Session_End
                0x000006aa                OneWire_Bit_Frame_Sample
                0x000003f2                OneWire_Handle_Cont_Event
                0x00000176                OneWire_Flush_Data_Buf
                0x00000634                OneWire_Read_Mode_Feedback
                0x00000218                OneWire_TRX_Falling_Edge_Interrupt
                0x000000fe                OneWire_Struct_Init
                0x00000228                OneWire_Debug_Rx_Pulse
                0x0000019c                OneWire_TRX_Set_Port
                0x00000888                OneWire_Init_Master
                0x00000716                OneWire_Master_Send_Data
                0x000001a8                OneWire_TRX_Get_Input_State
                0x000001c6                OneWire_TRX_GPIO_Init
                0x0000035e                OneWire_Handle_Reset_Event
                0x00000774                OneWire_Master_Receive_Data
                0x000001ec                OneWire_TRX_Interrupt_Enable
                0x0000034c                OneWire_TRX_Cmd_Data
                0x000007c8                __vector_4
                0x00000438                OneWire_Handle_Stop_Event
                0x000001d2                OneWire_TRX_Interrupt_Init
                0x00000280                OneWire_Tx_Reset_Cmd
                0x00000876                OneWire_Get_Data_Buf
                0x00000592                OneWire_Master_Process_Cmd_Data
                0x0000060a                OneWire_Master_Process_Ack
                0x00000262                OneWire_Delay_Rx_Int
                0x00000226                OneWire_Debug_Tx_Pulse
                0x00000204                OneWire_TRX_Interrupt_Status
                0x000002d0                OneWire_TRX_Frame
                0x00000882                OneWire_Get_Data_Buf_Index
                0x0000050c                OneWire_Select_Mode
                0x00000258                OneWire_Delay_Byte_Gap
                0x00000248                OneWire_Delay_Clock_High_Time
                0x000008a0                OneWire_Init_Slave
                0x0000039e                OneWire_Handle_Read_Event
                0x00000152                OneWire_Flush_Bit_Frame
                0x00000450                OneWire_Handle_Cmd_Data
 .text          0x000008b8      0x4ce uart.o
                0x000009c2                UART_Reset_Last_Received_Byte
                0x00000c4a                UART_Read_From_Buffer
                0x00000b5c                UART_Transmit_New_Line
                0x00000c18                UART_Transmit_Number
                0x000009bc                UART_Last_Received_Byte
                0x00000d3e                UART_Init
                0x00000c60                UART_Flush_Buffer
                0x00000974                UART_Receive_Byte
                0x00000964                UART_Transmit_Byte
                0x000008fc                UART_Config_Clock
                0x000008fa                UART_Config_GPIO
                0x00000956                UART_Config_Receiver_Interrupt
                0x00000a7a                UART_Transmit_Byte_Bin
                0x00000b66                UART_Transmit_Space
                0x00000932                UART_Config_Transmitter
                0x000008b8                UART_Struct_Init
                0x00000c8e                UART_Interrupt_Service_Routine
                0x00000944                UART_Config_Receiver
                0x00000b3a                UART_Transmit_Text
                0x000008fe                UART_Config_BAUD_Rate
                0x00000c54                UART_Current_Buffer_Index
                0x00000b70                UART_Determine_Digit_Numbers
                0x00000bee                UART_Transmit_Number_Digits
                0x00000cf6                __vector_18
                0x000009c8                UART_Transmit_Byte_Hex
 .text          0x00000d86        0x0 c:/winavr-20100110/bin/../lib/gcc/avr/4.3.3/avr5\libgcc.a(_udivmodsi4.o)
 .text          0x00000d86        0x0 c:/winavr-20100110/bin/../lib/gcc/avr/4.3.3/avr5\libgcc.a(_exit.o)
 .text          0x00000d86        0x0 c:/winavr-20100110/bin/../lib/gcc/avr/4.3.3/avr5\libgcc.a(_copy_data.o)
 .text          0x00000d86        0x0 c:/winavr-20100110/bin/../lib/gcc/avr/4.3.3/avr5\libgcc.a(_clear_bss.o)
                0x00000d86                . = ALIGN (0x2)
 *(.text.*)
 .text.libgcc   0x00000d86       0x44 c:/winavr-20100110/bin/../lib/gcc/avr/4.3.3/avr5\libgcc.a(_udivmodsi4.o)
                0x00000d86                __udivmodsi4
 .text.libgcc   0x00000dca        0x0 c:/winavr-20100110/bin/../lib/gcc/avr/4.3.3/avr5\libgcc.a(_exit.o)
 .text.libgcc   0x00000dca        0x0 c:/winavr-20100110/bin/../lib/gcc/avr/4.3.3/avr5\libgcc.a(_copy_data.o)
 .text.libgcc   0x00000dca        0x0 c:/winavr-20100110/bin/../lib/gcc/avr/4.3.3/avr5\libgcc.a(_clear_bss.o)
                0x00000dca                . = ALIGN (0x2)
 *(.fini9)
 .fini9         0x00000dca        0x0 c:/winavr-20100110/bin/../lib/gcc/avr/4.3.3/avr5\libgcc.a(_exit.o)
                0x00000dca                exit
                0x00000dca                _exit
 *(.fini9)
 *(.fini8)
 *(.fini8)
 *(.fini7)
 *(.fini7)
 *(.fini6)
 *(.fini6)
 *(.fini5)
 *(.fini5)
 *(.fini4)
 *(.fini4)
 *(.fini3)
 *(.fini3)
 *(.fini2)
 *(.fini2)
 *(.fini1)
 *(.fini1)
 *(.fini0)
 .fini0         0x00000dca        0x4 c:/winavr-20100110/bin/../lib/gcc/avr/4.3.3/avr5\libgcc.a(_exit.o)
 *(.fini0)
                0x00000dce                _etext = .

.data           0x00800100        0x6 load address 0x00000dce
                0x00800100                PROVIDE (__data_start, .)
 *(.data)
 .data          0x00800100        0x0 c:/winavr-20100110/bin/../lib/gcc/avr/4.3.3/../../../../avr/lib/avr5/crtm328p.o
 .data          0x00800100        0x0 main.o
 .data          0x00800100        0x0 onewire.o
 .data          0x00800100        0x5 uart.o
 .data          0x00800105        0x0 c:/winavr-20100110/bin/../lib/gcc/avr/4.3.3/avr5\libgcc.a(_udivmodsi4.o)
 .data          0x00800105        0x0 c:/winavr-20100110/bin/../lib/gcc/avr/4.3.3/avr5\libgcc.a(_exit.o)
 .data          0x00800105        0x0 c:/winavr-20100110/bin/../lib/gcc/avr/4.3.3/avr5\libgcc.a(_copy_data.o)
 .data          0x00800105        0x0 c:/winavr-20100110/bin/../lib/gcc/avr/4.3.3/avr5\libgcc.a(_clear_bss.o)
 *(.data*)
 *(.rodata)
 *(.rodata*)
 *(.gnu.linkonce.d*)
                0x00800106                . = ALIGN (0x2)
 *fill*         0x00800105        0x1 00
                0x00800106                _edata = .
                0x00800106                PROVIDE (__data_end, .)

.bss            0x00800106       0xda
                0x00800106                PROVIDE (__bss_start, .)
 *(.bss)
 .bss           0x00800106        0x0 c:/winavr-20100110/bin/../lib/gcc/avr/4.3.3/../../../../avr/lib/avr5/crtm328p.o
 .bss           0x00800106        0x0 main.o
 .bss           0x00800106        0x0 onewire.o
 .bss           0x00800106       0x2f uart.o
 .bss           0x00800135        0x0 c:/winavr-20100110/bin/../lib/gcc/avr/4.3.3/avr5\libgcc.a(_udivmodsi4.o)
 .bss           0x00800135        0x0 c:/winavr-20100110/bin/../lib/gcc/avr/4.3.3/avr5\libgcc.a(_exit.o)
 .bss           0x00800135        0x0 c:/winavr-20100110/bin/../lib/gcc/avr/4.3.3/avr5\libgcc.a(_copy_data.o)
 .bss           0x00800135        0x0 c:/winavr-20100110/bin/../lib/gcc/avr/4.3.3/avr5\libgcc.a(_clear_bss.o)
 *(.bss*)
 *(COMMON)
 COMMON         0x00800135       0xab onewire.o
                0x00800135                OneWire
                0x008001e0                PROVIDE (__bss_end, .)
                0x00000dce                __data_load_start = LOADADDR (.data)
                0x00000dd4                __data_load_end = (__data_load_start + SIZEOF (.data))

.noinit         0x008001e0        0x0
                0x008001e0                PROVIDE (__noinit_start, .)
 *(.noinit*)
                0x008001e0                PROVIDE (__noinit_end, .)
                0x008001e0                _end = .
                0x008001e0                PROVIDE (__heap_start, .)

.eeprom         0x00810000        0x0
 *(.eeprom*)
                0x00810000                __eeprom_end = .

.fuse
 *(.fuse)
 *(.lfuse)
 *(.hfuse)
 *(.efuse)

.lock
 *(.lock*)

.signature
 *(.signature*)

.stab
 *(.stab)

.stabstr
 *(.stabstr)

.stab.excl
 *(.stab.excl)

.stab.exclstr
 *(.stab.exclstr)

.stab.index
 *(.stab.index)

.stab.indexstr
 *(.stab.indexstr)

.comment
 *(.comment)

.debug
 *(.debug)

.line
 *(.line)

.debug_srcinfo
 *(.debug_srcinfo)

.debug_sfnames
 *(.debug_sfnames)

.debug_aranges  0x00000000       0x60
 *(.debug_aranges)
 .debug_aranges
                0x00000000       0x20 main.o
 .debug_aranges
                0x00000020       0x20 onewire.o
 .debug_aranges
                0x00000040       0x20 uart.o

.debug_pubnames
                0x00000000      0x7e9
 *(.debug_pubnames)
 .debug_pubnames
                0x00000000       0x1b main.o
 .debug_pubnames
                0x0000001b      0x536 onewire.o
 .debug_pubnames
                0x00000551      0x298 uart.o

.debug_info     0x00000000     0x19ed
 *(.debug_info)
 .debug_info    0x00000000      0x11e main.o
 .debug_info    0x0000011e     0x1243 onewire.o
 .debug_info    0x00001361      0x68c uart.o
 *(.gnu.linkonce.wi.*)

.debug_abbrev   0x00000000      0x644
 *(.debug_abbrev)
 .debug_abbrev  0x00000000       0xc2 main.o
 .debug_abbrev  0x000000c2      0x339 onewire.o
 .debug_abbrev  0x000003fb      0x249 uart.o

.debug_line     0x00000000     0x1278
 *(.debug_line)
 .debug_line    0x00000000      0x139 main.o
 .debug_line    0x00000139      0xb84 onewire.o
 .debug_line    0x00000cbd      0x5bb uart.o

.debug_frame    0x00000000      0x4b0
 *(.debug_frame)
 .debug_frame   0x00000000       0x20 main.o
 .debug_frame   0x00000020      0x2f0 onewire.o
 .debug_frame   0x00000310      0x1a0 uart.o

.debug_str      0x00000000      0x8ec
 *(.debug_str)
 .debug_str     0x00000000       0xd4 main.o
                                0x108 (size before relaxing)
 .debug_str     0x000000d4      0x55d onewire.o
                                0x661 (size before relaxing)
 .debug_str     0x00000631      0x2bb uart.o
                                0x3a3 (size before relaxing)

.debug_loc      0x00000000      0x6e9
 *(.debug_loc)
 .debug_loc     0x00000000       0x28 main.o
 .debug_loc     0x00000028      0x2b5 onewire.o
 .debug_loc     0x000002dd      0x40c uart.o

.debug_macinfo
 *(.debug_macinfo)
OUTPUT(main.elf elf32-avr)
LOAD linker stubs

.debug_ranges   0x00000000      0x210
 .debug_ranges  0x00000000       0x48 main.o
 .debug_ranges  0x00000048      0x180 onewire.o
 .debug_ranges  0x000001c8       0x48 uart.o

Cross Reference Table

Symbol                                            File
OneWire                                           onewire.o
OneWire_Bit_Frame_Sample                          onewire.o
OneWire_Debug_Rx_Pulse                            onewire.o
OneWire_Debug_Tx_Pulse                            onewire.o
OneWire_Delay_Byte_Gap                            onewire.o
OneWire_Delay_Clock_High_Time                     onewire.o
OneWire_Delay_Clock_Low_Time                      onewire.o
OneWire_Delay_Half_Bit_Time                       onewire.o
OneWire_Delay_Rx_Int                              onewire.o
OneWire_Flush_Bit_Frame                           onewire.o
OneWire_Flush_Data_Buf                            onewire.o
                                                  main.o
OneWire_Flush_Frame                               onewire.o
OneWire_Get_Data_Buf                              onewire.o
                                                  main.o
OneWire_Get_Data_Buf_Index                        onewire.o
                                                  main.o
OneWire_Get_Data_Ready                            onewire.o
                                                  main.o
OneWire_Get_Session_End                           onewire.o
OneWire_Handle_Cmd_Data                           onewire.o
OneWire_Handle_Cont_Event                         onewire.o
OneWire_Handle_Read_Event                         onewire.o
OneWire_Handle_Reset_Event                        onewire.o
OneWire_Handle_Start_Event                        onewire.o
OneWire_Handle_Stop_Event                         onewire.o
OneWire_Handle_Write_Event                        onewire.o
OneWire_Init_Master                               onewire.o
OneWire_Init_Slave                                onewire.o
                                                  main.o
OneWire_Master_Process_Ack                        onewire.o
OneWire_Master_Process_Cmd_Data                   onewire.o
OneWire_Master_Receive_Data                       onewire.o
OneWire_Master_Send_Data                          onewire.o
OneWire_Read_Mode_Feedback                        onewire.o
OneWire_Select_Mode                               onewire.o
OneWire_Set_Data_Reg                              onewire.o
OneWire_Struct_Init                               onewire.o
OneWire_TRX_Cmd_Data                              onewire.o
OneWire_TRX_Falling_Edge_Interrupt                onewire.o
OneWire_TRX_Frame                                 onewire.o
OneWire_TRX_GPIO_Init                             onewire.o
OneWire_TRX_Get_Input_State                       onewire.o
OneWire_TRX_Interrupt_Disable                     onewire.o
OneWire_TRX_Interrupt_Enable                      onewire.o
OneWire_TRX_Interrupt_Init                        onewire.o
OneWire_TRX_Interrupt_Status                      onewire.o
OneWire_TRX_Set_DDR                               onewire.o
OneWire_TRX_Set_Logic                             onewire.o
OneWire_TRX_Set_Port                              onewire.o
OneWire_Tx_Reset_Cmd                              onewire.o
UART_Config_BAUD_Rate                             uart.o
UART_Config_Clock                                 uart.o
UART_Config_GPIO                                  uart.o
UART_Config_Receiver                              uart.o
UART_Config_Receiver_Interrupt                    uart.o
UART_Config_Transmitter                           uart.o
UART_Current_Buffer_Index                         uart.o
UART_Determine_Digit_Numbers                      uart.o
UART_Flush_Buffer                                 uart.o
UART_Init                                         uart.o
                                                  main.o
UART_Interrupt_Service_Routine                    uart.o
UART_Last_Received_Byte                           uart.o
UART_Read_From_Buffer                             uart.o
UART_Receive_Byte                                 uart.o
UART_Reset_Last_Received_Byte                     uart.o
UART_Struct_Init                                  uart.o
UART_Transmit_Byte                                uart.o
UART_Transmit_Byte_Bin                            uart.o
UART_Transmit_Byte_Hex                            uart.o
                                                  main.o
UART_Transmit_New_Line                            uart.o
                                                  main.o
UART_Transmit_Number                              uart.o
UART_Transmit_Number_Digits                       uart.o
UART_Transmit_Space                               uart.o
                                                  main.o
UART_Transmit_Text                                uart.o
__bad_interrupt                                   c:/winavr-20100110/bin/../lib/gcc/avr/4.3.3/../../../../avr/lib/avr5/crtm328p.o
__bss_end                                         c:/winavr-20100110/bin/../lib/gcc/avr/4.3.3/avr5\libgcc.a(_clear_bss.o)
__bss_start                                       c:/winavr-20100110/bin/../lib/gcc/avr/4.3.3/avr5\libgcc.a(_clear_bss.o)
__data_end                                        c:/winavr-20100110/bin/../lib/gcc/avr/4.3.3/avr5\libgcc.a(_copy_data.o)
__data_load_start                                 c:/winavr-20100110/bin/../lib/gcc/avr/4.3.3/avr5\libgcc.a(_copy_data.o)
__data_start                                      c:/winavr-20100110/bin/../lib/gcc/avr/4.3.3/avr5\libgcc.a(_copy_data.o)
__do_clear_bss                                    c:/winavr-20100110/bin/../lib/gcc/avr/4.3.3/avr5\libgcc.a(_clear_bss.o)
                                                  uart.o
                                                  onewire.o
__do_copy_data                                    c:/winavr-20100110/bin/../lib/gcc/avr/4.3.3/avr5\libgcc.a(_copy_data.o)
                                                  uart.o
__heap_end                                        c:/winavr-20100110/bin/../lib/gcc/avr/4.3.3/../../../../avr/lib/avr5/crtm328p.o
__init                                            c:/winavr-20100110/bin/../lib/gcc/avr/4.3.3/../../../../avr/lib/avr5/crtm328p.o
__stack                                           c:/winavr-20100110/bin/../lib/gcc/avr/4.3.3/../../../../avr/lib/avr5/crtm328p.o
__udivmodsi4                                      c:/winavr-20100110/bin/../lib/gcc/avr/4.3.3/avr5\libgcc.a(_udivmodsi4.o)
                                                  uart.o
__vector_1                                        c:/winavr-20100110/bin/../lib/gcc/avr/4.3.3/../../../../avr/lib/avr5/crtm328p.o
__vector_10                                       c:/winavr-20100110/bin/../lib/gcc/avr/4.3.3/../../../../avr/lib/avr5/crtm328p.o
__vector_11                                       c:/winavr-20100110/bin/../lib/gcc/avr/4.3.3/../../../../avr/lib/avr5/crtm328p.o
__vector_12                                       c:/winavr-20100110/bin/../lib/gcc/avr/4.3.3/../../../../avr/lib/avr5/crtm328p.o
__vector_13                                       c:/winavr-20100110/bin/../lib/gcc/avr/4.3.3/../../../../avr/lib/avr5/crtm328p.o
__vector_14                                       c:/winavr-20100110/bin/../lib/gcc/avr/4.3.3/../../../../avr/lib/avr5/crtm328p.o
__vector_15                                       c:/winavr-20100110/bin/../lib/gcc/avr/4.3.3/../../../../avr/lib/avr5/crtm328p.o
__vector_16                                       c:/winavr-20100110/bin/../lib/gcc/avr/4.3.3/../../../../avr/lib/avr5/crtm328p.o
__vector_17                                       c:/winavr-20100110/bin/../lib/gcc/avr/4.3.3/../../../../avr/lib/avr5/crtm328p.o
__vector_18                                       uart.o
                                                  c:/winavr-20100110/bin/../lib/gcc/avr/4.3.3/../../../../avr/lib/avr5/crtm328p.o
__vector_19                                       c:/winavr-20100110/bin/../lib/gcc/avr/4.3.3/../../../../avr/lib/avr5/crtm328p.o
__vector_2                                        c:/winavr-20100110/bin/../lib/gcc/avr/4.3.3/../../../../avr/lib/avr5/crtm328p.o
__vector_20                                       c:/winavr-20100110/bin/../lib/gcc/avr/4.3.3/../../../../avr/lib/avr5/crtm328p.o
__vector_21                                       c:/winavr-20100110/bin/../lib/gcc/avr/4.3.3/../../../../avr/lib/avr5/crtm328p.o
__vector_22                                       c:/winavr-20100110/bin/../lib/gcc/avr/4.3.3/../../../../avr/lib/avr5/crtm328p.o
__vector_23                                       c:/winavr-20100110/bin/../lib/gcc/avr/4.3.3/../../../../avr/lib/avr5/crtm328p.o
__vector_24                                       c:/winavr-20100110/bin/../lib/gcc/avr/4.3.3/../../../../avr/lib/avr5/crtm328p.o
__vector_25                                       c:/winavr-20100110/bin/../lib/gcc/avr/4.3.3/../../../../avr/lib/avr5/crtm328p.o
__vector_3                                        c:/winavr-20100110/bin/../lib/gcc/avr/4.3.3/../../../../avr/lib/avr5/crtm328p.o
__vector_4                                        onewire.o
                                                  c:/winavr-20100110/bin/../lib/gcc/avr/4.3.3/../../../../avr/lib/avr5/crtm328p.o
__vector_5                                        c:/winavr-20100110/bin/../lib/gcc/avr/4.3.3/../../../../avr/lib/avr5/crtm328p.o
__vector_6                                        c:/winavr-20100110/bin/../lib/gcc/avr/4.3.3/../../../../avr/lib/avr5/crtm328p.o
__vector_7                                        c:/winavr-20100110/bin/../lib/gcc/avr/4.3.3/../../../../avr/lib/avr5/crtm328p.o
__vector_8                                        c:/winavr-20100110/bin/../lib/gcc/avr/4.3.3/../../../../avr/lib/avr5/crtm328p.o
__vector_9                                        c:/winavr-20100110/bin/../lib/gcc/avr/4.3.3/../../../../avr/lib/avr5/crtm328p.o
__vector_default                                  c:/winavr-20100110/bin/../lib/gcc/avr/4.3.3/../../../../avr/lib/avr5/crtm328p.o
__vectors                                         c:/winavr-20100110/bin/../lib/gcc/avr/4.3.3/../../../../avr/lib/avr5/crtm328p.o
_exit                                             c:/winavr-20100110/bin/../lib/gcc/avr/4.3.3/avr5\libgcc.a(_exit.o)
exit                                              c:/winavr-20100110/bin/../lib/gcc/avr/4.3.3/avr5\libgcc.a(_exit.o)
                                                  c:/winavr-20100110/bin/../lib/gcc/avr/4.3.3/../../../../avr/lib/avr5/crtm328p.o
main                                              main.o
                                                  c:/winavr-20100110/bin/../lib/gcc/avr/4.3.3/../../../../avr/lib/avr5/crtm328p.o
