Archive member included because of file (symbol)

c:/winavr-20100110/bin/../lib/gcc/avr/4.3.3/avr5\libgcc.a(_udivmodsi4.o)
                              uart.o (__udivmodsi4)
c:/winavr-20100110/bin/../lib/gcc/avr/4.3.3/avr5\libgcc.a(_exit.o)
                              c:/winavr-20100110/bin/../lib/gcc/avr/4.3.3/../../../../avr/lib/avr5/crtm328p.o (exit)
c:/winavr-20100110/bin/../lib/gcc/avr/4.3.3/avr5\libgcc.a(_copy_data.o)
                              uart.o (__do_copy_data)
c:/winavr-20100110/bin/../lib/gcc/avr/4.3.3/avr5\libgcc.a(_clear_bss.o)
                              onewire.o (__do_clear_bss)

Allocating common symbols
Common symbol       size              file

OneWire             0xa3              onewire.o

Memory Configuration

Name             Origin             Length             Attributes
text             0x00000000         0x00020000         xr
data             0x00800060         0x0000ffa0         rw !x
eeprom           0x00810000         0x00010000         rw !x
fuse             0x00820000         0x00000400         rw !x
lock             0x00830000         0x00000400         rw !x
signature        0x00840000         0x00000400         rw !x
*default*        0x00000000         0xffffffff

Linker script and memory map

Address of section .data set to 0x800100
LOAD c:/winavr-20100110/bin/../lib/gcc/avr/4.3.3/../../../../avr/lib/avr5/crtm328p.o
LOAD main.o
LOAD onewire.o
LOAD uart.o
LOAD c:/winavr-20100110/bin/../lib/gcc/avr/4.3.3/../../../../avr/lib/avr5\libm.a
LOAD c:/winavr-20100110/bin/../lib/gcc/avr/4.3.3/avr5\libgcc.a
LOAD c:/winavr-20100110/bin/../lib/gcc/avr/4.3.3/../../../../avr/lib/avr5\libc.a
LOAD c:/winavr-20100110/bin/../lib/gcc/avr/4.3.3/avr5\libgcc.a

.hash
 *(.hash)

.dynsym
 *(.dynsym)

.dynstr
 *(.dynstr)

.gnu.version
 *(.gnu.version)

.gnu.version_d
 *(.gnu.version_d)

.gnu.version_r
 *(.gnu.version_r)

.rel.init
 *(.rel.init)

.rela.init
 *(.rela.init)

.rel.text
 *(.rel.text)
 *(.rel.text.*)
 *(.rel.gnu.linkonce.t*)

.rela.text
 *(.rela.text)
 *(.rela.text.*)
 *(.rela.gnu.linkonce.t*)

.rel.fini
 *(.rel.fini)

.rela.fini
 *(.rela.fini)

.rel.rodata
 *(.rel.rodata)
 *(.rel.rodata.*)
 *(.rel.gnu.linkonce.r*)

.rela.rodata
 *(.rela.rodata)
 *(.rela.rodata.*)
 *(.rela.gnu.linkonce.r*)

.rel.data
 *(.rel.data)
 *(.rel.data.*)
 *(.rel.gnu.linkonce.d*)

.rela.data
 *(.rela.data)
 *(.rela.data.*)
 *(.rela.gnu.linkonce.d*)

.rel.ctors
 *(.rel.ctors)

.rela.ctors
 *(.rela.ctors)

.rel.dtors
 *(.rel.dtors)

.rela.dtors
 *(.rela.dtors)

.rel.got
 *(.rel.got)

.rela.got
 *(.rela.got)

.rel.bss
 *(.rel.bss)

.rela.bss
 *(.rela.bss)

.rel.plt
 *(.rel.plt)

.rela.plt
 *(.rela.plt)

.text           0x00000000      0xc82
 *(.vectors)
 .vectors       0x00000000       0x68 c:/winavr-20100110/bin/../lib/gcc/avr/4.3.3/../../../../avr/lib/avr5/crtm328p.o
                0x00000000                __vectors
                0x00000000                __vector_default
 *(.vectors)
 *(.progmem.gcc*)
 *(.progmem*)
                0x00000068                . = ALIGN (0x2)
                0x00000068                __trampolines_start = .
 *(.trampolines)
 .trampolines   0x00000068        0x0 linker stubs
 *(.trampolines*)
                0x00000068                __trampolines_end = .
 *(.jumptables)
 *(.jumptables*)
 *(.lowtext)
 *(.lowtext*)
                0x00000068                __ctors_start = .
 *(.ctors)
                0x00000068                __ctors_end = .
                0x00000068                __dtors_start = .
 *(.dtors)
                0x00000068                __dtors_end = .
 SORT(*)(.ctors)
 SORT(*)(.dtors)
 *(.init0)
 .init0         0x00000068        0x0 c:/winavr-20100110/bin/../lib/gcc/avr/4.3.3/../../../../avr/lib/avr5/crtm328p.o
                0x00000068                __init
 *(.init0)
 *(.init1)
 *(.init1)
 *(.init2)
 .init2         0x00000068        0xc c:/winavr-20100110/bin/../lib/gcc/avr/4.3.3/../../../../avr/lib/avr5/crtm328p.o
 *(.init2)
 *(.init3)
 *(.init3)
 *(.init4)
 .init4         0x00000074       0x16 c:/winavr-20100110/bin/../lib/gcc/avr/4.3.3/avr5\libgcc.a(_copy_data.o)
                0x00000074                __do_copy_data
 .init4         0x0000008a       0x10 c:/winavr-20100110/bin/../lib/gcc/avr/4.3.3/avr5\libgcc.a(_clear_bss.o)
                0x0000008a                __do_clear_bss
 *(.init4)
 *(.init5)
 *(.init5)
 *(.init6)
 *(.init6)
 *(.init7)
 *(.init7)
 *(.init8)
 *(.init8)
 *(.init9)
 .init9         0x0000009a        0x8 c:/winavr-20100110/bin/../lib/gcc/avr/4.3.3/../../../../avr/lib/avr5/crtm328p.o
 *(.init9)
 *(.text)
 .text          0x000000a2        0x4 c:/winavr-20100110/bin/../lib/gcc/avr/4.3.3/../../../../avr/lib/avr5/crtm328p.o
                0x000000a2                __vector_22
                0x000000a2                __vector_1
                0x000000a2                __vector_24
                0x000000a2                __vector_12
                0x000000a2                __bad_interrupt
                0x000000a2                __vector_6
                0x000000a2                __vector_3
                0x000000a2                __vector_23
                0x000000a2                __vector_25
                0x000000a2                __vector_11
                0x000000a2                __vector_13
                0x000000a2                __vector_17
                0x000000a2                __vector_19
                0x000000a2                __vector_7
                0x000000a2                __vector_4
                0x000000a2                __vector_9
                0x000000a2                __vector_2
                0x000000a2                __vector_21
                0x000000a2                __vector_15
                0x000000a2                __vector_8
                0x000000a2                __vector_14
                0x000000a2                __vector_10
                0x000000a2                __vector_16
                0x000000a2                __vector_20
 .text          0x000000a6       0xf6 main.o
                0x000000a6                main
 .text          0x0000019c      0x5d0 onewire.o
                0x000006ba                OneWire_Fill_Buf_Copy_Data
                0x000006b4                OneWire_Buf_Sample_And_Update
                0x000005c6                OneWire_Extract_Cmd_Data
                0x000002c6                OneWire_Delay_Half_Bit_Time
                0x00000588                OneWire_Bit_Counter_Overflow
                0x00000604                OneWire_Handle_Data
                0x00000210                OneWire_TRX_Set_DDR
                0x0000023a                OneWire_TRX_Set_Logic
                0x000002b6                OneWire_Delay_Clock_Low_Time
                0x00000278                OneWire_TRX_Interrupt_Disable
                0x000003c2                OneWire_Bit_Frame_Sample
                0x000001f6                OneWire_Flush_Data_Buf
                0x000006bc                OneWire_Read_Mode_Feedback
                0x00000298                OneWire_TRX_Falling_Edge_Interrupt
                0x0000019c                OneWire_Struct_Init
                0x000002aa                OneWire_Debug_Rx_Pulse
                0x0000021c                OneWire_TRX_Set_Port
                0x0000073c                OneWire_Init_Master
                0x000006be                OneWire_Master_Send_Data
                0x000006c2                __vector_5
                0x00000228                OneWire_TRX_Get_Input_State
                0x00000246                OneWire_TRX_GPIO_Init
                0x000006c0                OneWire_Master_Receive_Data
                0x0000026c                OneWire_TRX_Interrupt_Enable
                0x000006b8                OneWire_Fill_Buf
                0x00000252                OneWire_TRX_Interrupt_Init
                0x000002f6                OneWire_Tx_Reset_Cmd
                0x0000072a                OneWire_Get_Data_Buf
                0x000002d8                OneWire_Delay_Rx_Int
                0x000002a8                OneWire_Debug_Tx_Pulse
                0x0000059c                OneWire_Build_Bit_Frame
                0x000006b6                OneWire_Buf_Counter_Overflow
                0x000001e0                OneWire_Flush_Cmd_Reg
                0x00000284                OneWire_TRX_Interrupt_Status
                0x00000346                OneWire_TRX_Frame
                0x00000736                OneWire_Get_Data_Buf_Index
                0x000002ce                OneWire_Delay_Byte_Gap
                0x000002be                OneWire_Delay_Clock_High_Time
                0x00000754                OneWire_Init_Slave
                0x000001ca                OneWire_Flush_Bit_Frame
 .text          0x0000076c      0x4ce uart.o
                0x00000876                UART_Reset_Last_Received_Byte
                0x00000afe                UART_Read_From_Buffer
                0x00000a10                UART_Transmit_New_Line
                0x00000acc                UART_Transmit_Number
                0x00000870                UART_Last_Received_Byte
                0x00000bf2                UART_Init
                0x00000b14                UART_Flush_Buffer
                0x00000828                UART_Receive_Byte
                0x00000818                UART_Transmit_Byte
                0x000007b0                UART_Config_Clock
                0x000007ae                UART_Config_GPIO
                0x0000080a                UART_Config_Receiver_Interrupt
                0x0000092e                UART_Transmit_Byte_Bin
                0x00000a1a                UART_Transmit_Space
                0x000007e6                UART_Config_Transmitter
                0x0000076c                UART_Struct_Init
                0x00000b42                UART_Interrupt_Service_Routine
                0x000007f8                UART_Config_Receiver
                0x000009ee                UART_Transmit_Text
                0x000007b2                UART_Config_BAUD_Rate
                0x00000b08                UART_Current_Buffer_Index
                0x00000a24                UART_Determine_Digit_Numbers
                0x00000aa2                UART_Transmit_Number_Digits
                0x00000baa                __vector_18
                0x0000087c                UART_Transmit_Byte_Hex
 .text          0x00000c3a        0x0 c:/winavr-20100110/bin/../lib/gcc/avr/4.3.3/avr5\libgcc.a(_udivmodsi4.o)
 .text          0x00000c3a        0x0 c:/winavr-20100110/bin/../lib/gcc/avr/4.3.3/avr5\libgcc.a(_exit.o)
 .text          0x00000c3a        0x0 c:/winavr-20100110/bin/../lib/gcc/avr/4.3.3/avr5\libgcc.a(_copy_data.o)
 .text          0x00000c3a        0x0 c:/winavr-20100110/bin/../lib/gcc/avr/4.3.3/avr5\libgcc.a(_clear_bss.o)
                0x00000c3a                . = ALIGN (0x2)
 *(.text.*)
 .text.libgcc   0x00000c3a       0x44 c:/winavr-20100110/bin/../lib/gcc/avr/4.3.3/avr5\libgcc.a(_udivmodsi4.o)
                0x00000c3a                __udivmodsi4
 .text.libgcc   0x00000c7e        0x0 c:/winavr-20100110/bin/../lib/gcc/avr/4.3.3/avr5\libgcc.a(_exit.o)
 .text.libgcc   0x00000c7e        0x0 c:/winavr-20100110/bin/../lib/gcc/avr/4.3.3/avr5\libgcc.a(_copy_data.o)
 .text.libgcc   0x00000c7e        0x0 c:/winavr-20100110/bin/../lib/gcc/avr/4.3.3/avr5\libgcc.a(_clear_bss.o)
                0x00000c7e                . = ALIGN (0x2)
 *(.fini9)
 .fini9         0x00000c7e        0x0 c:/winavr-20100110/bin/../lib/gcc/avr/4.3.3/avr5\libgcc.a(_exit.o)
                0x00000c7e                exit
                0x00000c7e                _exit
 *(.fini9)
 *(.fini8)
 *(.fini8)
 *(.fini7)
 *(.fini7)
 *(.fini6)
 *(.fini6)
 *(.fini5)
 *(.fini5)
 *(.fini4)
 *(.fini4)
 *(.fini3)
 *(.fini3)
 *(.fini2)
 *(.fini2)
 *(.fini1)
 *(.fini1)
 *(.fini0)
 .fini0         0x00000c7e        0x4 c:/winavr-20100110/bin/../lib/gcc/avr/4.3.3/avr5\libgcc.a(_exit.o)
 *(.fini0)
                0x00000c82                _etext = .

.data           0x00800100        0x6 load address 0x00000c82
                0x00800100                PROVIDE (__data_start, .)
 *(.data)
 .data          0x00800100        0x0 c:/winavr-20100110/bin/../lib/gcc/avr/4.3.3/../../../../avr/lib/avr5/crtm328p.o
 .data          0x00800100        0x0 main.o
 .data          0x00800100        0x0 onewire.o
 .data          0x00800100        0x5 uart.o
 .data          0x00800105        0x0 c:/winavr-20100110/bin/../lib/gcc/avr/4.3.3/avr5\libgcc.a(_udivmodsi4.o)
 .data          0x00800105        0x0 c:/winavr-20100110/bin/../lib/gcc/avr/4.3.3/avr5\libgcc.a(_exit.o)
 .data          0x00800105        0x0 c:/winavr-20100110/bin/../lib/gcc/avr/4.3.3/avr5\libgcc.a(_copy_data.o)
 .data          0x00800105        0x0 c:/winavr-20100110/bin/../lib/gcc/avr/4.3.3/avr5\libgcc.a(_clear_bss.o)
 *(.data*)
 *(.rodata)
 *(.rodata*)
 *(.gnu.linkonce.d*)
                0x00800106                . = ALIGN (0x2)
 *fill*         0x00800105        0x1 00
                0x00800106                _edata = .
                0x00800106                PROVIDE (__data_end, .)

.bss            0x00800106       0xd2
                0x00800106                PROVIDE (__bss_start, .)
 *(.bss)
 .bss           0x00800106        0x0 c:/winavr-20100110/bin/../lib/gcc/avr/4.3.3/../../../../avr/lib/avr5/crtm328p.o
 .bss           0x00800106        0x0 main.o
 .bss           0x00800106        0x0 onewire.o
 .bss           0x00800106       0x2f uart.o
 .bss           0x00800135        0x0 c:/winavr-20100110/bin/../lib/gcc/avr/4.3.3/avr5\libgcc.a(_udivmodsi4.o)
 .bss           0x00800135        0x0 c:/winavr-20100110/bin/../lib/gcc/avr/4.3.3/avr5\libgcc.a(_exit.o)
 .bss           0x00800135        0x0 c:/winavr-20100110/bin/../lib/gcc/avr/4.3.3/avr5\libgcc.a(_copy_data.o)
 .bss           0x00800135        0x0 c:/winavr-20100110/bin/../lib/gcc/avr/4.3.3/avr5\libgcc.a(_clear_bss.o)
 *(.bss*)
 *(COMMON)
 COMMON         0x00800135       0xa3 onewire.o
                0x00800135                OneWire
                0x008001d8                PROVIDE (__bss_end, .)
                0x00000c82                __data_load_start = LOADADDR (.data)
                0x00000c88                __data_load_end = (__data_load_start + SIZEOF (.data))

.noinit         0x008001d8        0x0
                0x008001d8                PROVIDE (__noinit_start, .)
 *(.noinit*)
                0x008001d8                PROVIDE (__noinit_end, .)
                0x008001d8                _end = .
                0x008001d8                PROVIDE (__heap_start, .)

.eeprom         0x00810000        0x0
 *(.eeprom*)
                0x00810000                __eeprom_end = .

.fuse
 *(.fuse)
 *(.lfuse)
 *(.hfuse)
 *(.efuse)

.lock
 *(.lock*)

.signature
 *(.signature*)

.stab
 *(.stab)

.stabstr
 *(.stabstr)

.stab.excl
 *(.stab.excl)

.stab.exclstr
 *(.stab.exclstr)

.stab.index
 *(.stab.index)

.stab.indexstr
 *(.stab.indexstr)

.comment
 *(.comment)

.debug
 *(.debug)

.line
 *(.line)

.debug_srcinfo
 *(.debug_srcinfo)

.debug_sfnames
 *(.debug_sfnames)

.debug_aranges  0x00000000       0x60
 *(.debug_aranges)
 .debug_aranges
                0x00000000       0x20 main.o
 .debug_aranges
                0x00000020       0x20 onewire.o
 .debug_aranges
                0x00000040       0x20 uart.o

.debug_pubnames
                0x00000000      0x73d
 *(.debug_pubnames)
 .debug_pubnames
                0x00000000       0x1b main.o
 .debug_pubnames
                0x0000001b      0x48a onewire.o
 .debug_pubnames
                0x000004a5      0x298 uart.o

.debug_info     0x00000000     0x1fd5
 *(.debug_info)
 .debug_info    0x00000000      0x560 main.o
 .debug_info    0x00000560     0x13e9 onewire.o
 .debug_info    0x00001949      0x68c uart.o
 *(.gnu.linkonce.wi.*)

.debug_abbrev   0x00000000      0x68f
 *(.debug_abbrev)
 .debug_abbrev  0x00000000       0xf6 main.o
 .debug_abbrev  0x000000f6      0x350 onewire.o
 .debug_abbrev  0x00000446      0x249 uart.o

.debug_line     0x00000000     0x131d
 *(.debug_line)
 .debug_line    0x00000000      0x248 main.o
 .debug_line    0x00000248      0xb1a onewire.o
 .debug_line    0x00000d62      0x5bb uart.o

.debug_frame    0x00000000      0x450
 *(.debug_frame)
 .debug_frame   0x00000000       0x20 main.o
 .debug_frame   0x00000020      0x290 onewire.o
 .debug_frame   0x000002b0      0x1a0 uart.o

.debug_str      0x00000000      0x7f7
 *(.debug_str)
 .debug_str     0x00000000       0xd8 main.o
                                0x10c (size before relaxing)
 .debug_str     0x000000d8      0x464 onewire.o
                                0x575 (size before relaxing)
 .debug_str     0x0000053c      0x2bb uart.o
                                0x38a (size before relaxing)

.debug_loc      0x00000000      0x958
 *(.debug_loc)
 .debug_loc     0x00000000      0x1a0 main.o
 .debug_loc     0x000001a0      0x3ac onewire.o
 .debug_loc     0x0000054c      0x40c uart.o

.debug_macinfo
 *(.debug_macinfo)
OUTPUT(main.elf elf32-avr)
LOAD linker stubs

.debug_ranges   0x00000000      0x330
 .debug_ranges  0x00000000      0x168 main.o
 .debug_ranges  0x00000168      0x180 onewire.o
 .debug_ranges  0x000002e8       0x48 uart.o

Cross Reference Table

Symbol                                            File
OneWire                                           onewire.o
OneWire_Bit_Counter_Overflow                      onewire.o
OneWire_Bit_Frame_Sample                          onewire.o
OneWire_Buf_Counter_Overflow                      onewire.o
OneWire_Buf_Sample_And_Update                     onewire.o
OneWire_Build_Bit_Frame                           onewire.o
OneWire_Debug_Rx_Pulse                            onewire.o
OneWire_Debug_Tx_Pulse                            onewire.o
OneWire_Delay_Byte_Gap                            onewire.o
OneWire_Delay_Clock_High_Time                     onewire.o
OneWire_Delay_Clock_Low_Time                      onewire.o
OneWire_Delay_Half_Bit_Time                       onewire.o
OneWire_Delay_Rx_Int                              onewire.o
OneWire_Extract_Cmd_Data                          onewire.o
OneWire_Fill_Buf                                  onewire.o
OneWire_Fill_Buf_Copy_Data                        onewire.o
OneWire_Flush_Bit_Frame                           onewire.o
OneWire_Flush_Cmd_Reg                             onewire.o
OneWire_Flush_Data_Buf                            onewire.o
OneWire_Get_Data_Buf                              onewire.o
OneWire_Get_Data_Buf_Index                        onewire.o
OneWire_Handle_Data                               onewire.o
OneWire_Init_Master                               onewire.o
                                                  main.o
OneWire_Init_Slave                                onewire.o
OneWire_Master_Receive_Data                       onewire.o
OneWire_Master_Send_Data                          onewire.o
OneWire_Read_Mode_Feedback                        onewire.o
OneWire_Struct_Init                               onewire.o
OneWire_TRX_Falling_Edge_Interrupt                onewire.o
OneWire_TRX_Frame                                 onewire.o
                                                  main.o
OneWire_TRX_GPIO_Init                             onewire.o
OneWire_TRX_Get_Input_State                       onewire.o
OneWire_TRX_Interrupt_Disable                     onewire.o
OneWire_TRX_Interrupt_Enable                      onewire.o
OneWire_TRX_Interrupt_Init                        onewire.o
OneWire_TRX_Interrupt_Status                      onewire.o
OneWire_TRX_Set_DDR                               onewire.o
OneWire_TRX_Set_Logic                             onewire.o
OneWire_TRX_Set_Port                              onewire.o
OneWire_Tx_Reset_Cmd                              onewire.o
                                                  main.o
UART_Config_BAUD_Rate                             uart.o
UART_Config_Clock                                 uart.o
UART_Config_GPIO                                  uart.o
UART_Config_Receiver                              uart.o
UART_Config_Receiver_Interrupt                    uart.o
UART_Config_Transmitter                           uart.o
UART_Current_Buffer_Index                         uart.o
UART_Determine_Digit_Numbers                      uart.o
UART_Flush_Buffer                                 uart.o
UART_Init                                         uart.o
UART_Interrupt_Service_Routine                    uart.o
UART_Last_Received_Byte                           uart.o
UART_Read_From_Buffer                             uart.o
UART_Receive_Byte                                 uart.o
UART_Reset_Last_Received_Byte                     uart.o
UART_Struct_Init                                  uart.o
UART_Transmit_Byte                                uart.o
UART_Transmit_Byte_Bin                            uart.o
UART_Transmit_Byte_Hex                            uart.o
UART_Transmit_New_Line                            uart.o
UART_Transmit_Number                              uart.o
UART_Transmit_Number_Digits                       uart.o
UART_Transmit_Space                               uart.o
UART_Transmit_Text                                uart.o
__bad_interrupt                                   c:/winavr-20100110/bin/../lib/gcc/avr/4.3.3/../../../../avr/lib/avr5/crtm328p.o
__bss_end                                         c:/winavr-20100110/bin/../lib/gcc/avr/4.3.3/avr5\libgcc.a(_clear_bss.o)
__bss_start                                       c:/winavr-20100110/bin/../lib/gcc/avr/4.3.3/avr5\libgcc.a(_clear_bss.o)
__data_end                                        c:/winavr-20100110/bin/../lib/gcc/avr/4.3.3/avr5\libgcc.a(_copy_data.o)
__data_load_start                                 c:/winavr-20100110/bin/../lib/gcc/avr/4.3.3/avr5\libgcc.a(_copy_data.o)
__data_start                                      c:/winavr-20100110/bin/../lib/gcc/avr/4.3.3/avr5\libgcc.a(_copy_data.o)
__do_clear_bss                                    c:/winavr-20100110/bin/../lib/gcc/avr/4.3.3/avr5\libgcc.a(_clear_bss.o)
                                                  uart.o
                                                  onewire.o
__do_copy_data                                    c:/winavr-20100110/bin/../lib/gcc/avr/4.3.3/avr5\libgcc.a(_copy_data.o)
                                                  uart.o
__heap_end                                        c:/winavr-20100110/bin/../lib/gcc/avr/4.3.3/../../../../avr/lib/avr5/crtm328p.o
__init                                            c:/winavr-20100110/bin/../lib/gcc/avr/4.3.3/../../../../avr/lib/avr5/crtm328p.o
__stack                                           c:/winavr-20100110/bin/../lib/gcc/avr/4.3.3/../../../../avr/lib/avr5/crtm328p.o
__udivmodsi4                                      c:/winavr-20100110/bin/../lib/gcc/avr/4.3.3/avr5\libgcc.a(_udivmodsi4.o)
                                                  uart.o
__vector_1                                        c:/winavr-20100110/bin/../lib/gcc/avr/4.3.3/../../../../avr/lib/avr5/crtm328p.o
__vector_10                                       c:/winavr-20100110/bin/../lib/gcc/avr/4.3.3/../../../../avr/lib/avr5/crtm328p.o
__vector_11                                       c:/winavr-20100110/bin/../lib/gcc/avr/4.3.3/../../../../avr/lib/avr5/crtm328p.o
__vector_12                                       c:/winavr-20100110/bin/../lib/gcc/avr/4.3.3/../../../../avr/lib/avr5/crtm328p.o
__vector_13                                       c:/winavr-20100110/bin/../lib/gcc/avr/4.3.3/../../../../avr/lib/avr5/crtm328p.o
__vector_14                                       c:/winavr-20100110/bin/../lib/gcc/avr/4.3.3/../../../../avr/lib/avr5/crtm328p.o
__vector_15                                       c:/winavr-20100110/bin/../lib/gcc/avr/4.3.3/../../../../avr/lib/avr5/crtm328p.o
__vector_16                                       c:/winavr-20100110/bin/../lib/gcc/avr/4.3.3/../../../../avr/lib/avr5/crtm328p.o
__vector_17                                       c:/winavr-20100110/bin/../lib/gcc/avr/4.3.3/../../../../avr/lib/avr5/crtm328p.o
__vector_18                                       uart.o
                                                  c:/winavr-20100110/bin/../lib/gcc/avr/4.3.3/../../../../avr/lib/avr5/crtm328p.o
__vector_19                                       c:/winavr-20100110/bin/../lib/gcc/avr/4.3.3/../../../../avr/lib/avr5/crtm328p.o
__vector_2                                        c:/winavr-20100110/bin/../lib/gcc/avr/4.3.3/../../../../avr/lib/avr5/crtm328p.o
__vector_20                                       c:/winavr-20100110/bin/../lib/gcc/avr/4.3.3/../../../../avr/lib/avr5/crtm328p.o
__vector_21                                       c:/winavr-20100110/bin/../lib/gcc/avr/4.3.3/../../../../avr/lib/avr5/crtm328p.o
__vector_22                                       c:/winavr-20100110/bin/../lib/gcc/avr/4.3.3/../../../../avr/lib/avr5/crtm328p.o
__vector_23                                       c:/winavr-20100110/bin/../lib/gcc/avr/4.3.3/../../../../avr/lib/avr5/crtm328p.o
__vector_24                                       c:/winavr-20100110/bin/../lib/gcc/avr/4.3.3/../../../../avr/lib/avr5/crtm328p.o
__vector_25                                       c:/winavr-20100110/bin/../lib/gcc/avr/4.3.3/../../../../avr/lib/avr5/crtm328p.o
__vector_3                                        c:/winavr-20100110/bin/../lib/gcc/avr/4.3.3/../../../../avr/lib/avr5/crtm328p.o
__vector_4                                        c:/winavr-20100110/bin/../lib/gcc/avr/4.3.3/../../../../avr/lib/avr5/crtm328p.o
__vector_5                                        onewire.o
                                                  c:/winavr-20100110/bin/../lib/gcc/avr/4.3.3/../../../../avr/lib/avr5/crtm328p.o
__vector_6                                        c:/winavr-20100110/bin/../lib/gcc/avr/4.3.3/../../../../avr/lib/avr5/crtm328p.o
__vector_7                                        c:/winavr-20100110/bin/../lib/gcc/avr/4.3.3/../../../../avr/lib/avr5/crtm328p.o
__vector_8                                        c:/winavr-20100110/bin/../lib/gcc/avr/4.3.3/../../../../avr/lib/avr5/crtm328p.o
__vector_9                                        c:/winavr-20100110/bin/../lib/gcc/avr/4.3.3/../../../../avr/lib/avr5/crtm328p.o
__vector_default                                  c:/winavr-20100110/bin/../lib/gcc/avr/4.3.3/../../../../avr/lib/avr5/crtm328p.o
__vectors                                         c:/winavr-20100110/bin/../lib/gcc/avr/4.3.3/../../../../avr/lib/avr5/crtm328p.o
_exit                                             c:/winavr-20100110/bin/../lib/gcc/avr/4.3.3/avr5\libgcc.a(_exit.o)
exit                                              c:/winavr-20100110/bin/../lib/gcc/avr/4.3.3/avr5\libgcc.a(_exit.o)
                                                  c:/winavr-20100110/bin/../lib/gcc/avr/4.3.3/../../../../avr/lib/avr5/crtm328p.o
main                                              main.o
                                                  c:/winavr-20100110/bin/../lib/gcc/avr/4.3.3/../../../../avr/lib/avr5/crtm328p.o
